  ╨Ю╨┐╤А╨╡╨┤╨╡╨╗╨╡╨╜╨╕╨╡ ╨┐╤А╨╛╨╡╨║╤В╨╛╨▓ ╨┤╨╗╤П ╨▓╨╛╤Б╤Б╤В╨░╨╜╨╛╨▓╨╗╨╡╨╜╨╕╤П...
E:\vibe-projects\teachassist-5\backend\domain\TeachAssist.Domain.csproj : warning NU1903: Package 'System.Security.Cryptography.Xml' 9.0.0 has a known high severity vulnerability, https://github.com/advisories/GHSA-37gx-xxp4-5rgx [E:\vibe-projects\teachassist-5\backend\TeachAssist.Api.csproj]
E:\vibe-projects\teachassist-5\backend\domain\TeachAssist.Domain.csproj : warning NU1903: Package 'System.Security.Cryptography.Xml' 9.0.0 has a known high severity vulnerability, https://github.com/advisories/GHSA-w3x6-4m5h-cxqf [E:\vibe-projects\teachassist-5\backend\TeachAssist.Api.csproj]
  ╨Т╤Б╨╡ ╨┐╤А╨╛╨╡╨║╤В╤Л ╨╛╨▒╨╜╨╛╨▓╨╗╨╡╨╜╤Л ╨┤╨╗╤П ╨▓╨╛╤Б╤Б╤В╨░╨╜╨╛╨▓╨╗╨╡╨╜╨╕╤П.
E:\vibe-projects\teachassist-5\backend\domain\TeachAssist.Domain.csproj : warning NU1903: Package 'System.Security.Cryptography.Xml' 9.0.0 has a known high severity vulnerability, https://github.com/advisories/GHSA-37gx-xxp4-5rgx
E:\vibe-projects\teachassist-5\backend\domain\TeachAssist.Domain.csproj : warning NU1903: Package 'System.Security.Cryptography.Xml' 9.0.0 has a known high severity vulnerability, https://github.com/advisories/GHSA-w3x6-4m5h-cxqf
  TeachAssist.Domain -> E:\vibe-projects\teachassist-5\backend\domain\bin\Debug\net10.0\TeachAssist.Domain.dll
E:\vibe-projects\teachassist-5\backend\Api\Controllers\CoursesController.cs(84,73): warning CS8604: ╨Т╨╛╨╖╨╝╨╛╨╢╨╜╨╛, ╨░╤А╨│╤Г╨╝╨╡╨╜╤В-╤Б╤Б╤Л╨╗╨║╨░, ╨┤╨╛╨┐╤Г╤Б╨║╨░╤О╤Й╨╕╨╣ ╨╖╨╜╨░╤З╨╡╨╜╨╕╨╡ NULL, ╨┤╨╗╤П ╨┐╨░╤А╨░╨╝╨╡╤В╤А╨░ "user" ╨▓ "Task<bool> UserManager<AppUser>.IsInRoleAsync(AppUser user, string role)". [E:\vibe-projects\teachassist-5\backend\TeachAssist.Api.csproj]
E:\vibe-projects\teachassist-5\backend\Api\Controllers\CoursesController.cs(85,74): warning CS8604: ╨Т╨╛╨╖╨╝╨╛╨╢╨╜╨╛, ╨░╤А╨│╤Г╨╝╨╡╨╜╤В-╤Б╤Б╤Л╨╗╨║╨░, ╨┤╨╛╨┐╤Г╤Б╨║╨░╤О╤Й╨╕╨╣ ╨╖╨╜╨░╤З╨╡╨╜╨╕╨╡ NULL, ╨┤╨╗╤П ╨┐╨░╤А╨░╨╝╨╡╤В╤А╨░ "user" ╨▓ "Task<bool> UserManager<AppUser>.IsInRoleAsync(AppUser user, string role)". [E:\vibe-projects\teachassist-5\backend\TeachAssist.Api.csproj]
E:\vibe-projects\teachassist-5\backend\Api\Controllers\TasksController.cs(35,73): warning CS8604: ╨Т╨╛╨╖╨╝╨╛╨╢╨╜╨╛, ╨░╤А╨│╤Г╨╝╨╡╨╜╤В-╤Б╤Б╤Л╨╗╨║╨░, ╨┤╨╛╨┐╤Г╤Б╨║╨░╤О╤Й╨╕╨╣ ╨╖╨╜╨░╤З╨╡╨╜╨╕╨╡ NULL, ╨┤╨╗╤П ╨┐╨░╤А╨░╨╝╨╡╤В╤А╨░ "user" ╨▓ "Task<bool> UserManager<AppUser>.IsInRoleAsync(AppUser user, string role)". [E:\vibe-projects\teachassist-5\backend\TeachAssist.Api.csproj]
E:\vibe-projects\teachassist-5\backend\Api\Controllers\TasksController.cs(36,74): warning CS8604: ╨Т╨╛╨╖╨╝╨╛╨╢╨╜╨╛, ╨░╤А╨│╤Г╨╝╨╡╨╜╤В-╤Б╤Б╤Л╨╗╨║╨░, ╨┤╨╛╨┐╤Г╤Б╨║╨░╤О╤Й╨╕╨╣ ╨╖╨╜╨░╤З╨╡╨╜╨╕╨╡ NULL, ╨┤╨╗╤П ╨┐╨░╤А╨░╨╝╨╡╤В╤А╨░ "user" ╨▓ "Task<bool> UserManager<AppUser>.IsInRoleAsync(AppUser user, string role)". [E:\vibe-projects\teachassist-5\backend\TeachAssist.Api.csproj]
E:\vibe-projects\teachassist-5\backend\Api\Controllers\CoursesController.cs(202,73): warning CS8604: ╨Т╨╛╨╖╨╝╨╛╨╢╨╜╨╛, ╨░╤А╨│╤Г╨╝╨╡╨╜╤В-╤Б╤Б╤Л╨╗╨║╨░, ╨┤╨╛╨┐╤Г╤Б╨║╨░╤О╤Й╨╕╨╣ ╨╖╨╜╨░╤З╨╡╨╜╨╕╨╡ NULL, ╨┤╨╗╤П ╨┐╨░╤А╨░╨╝╨╡╤В╤А╨░ "user" ╨▓ "Task<bool> UserManager<AppUser>.IsInRoleAsync(AppUser user, string role)". [E:\vibe-projects\teachassist-5\backend\TeachAssist.Api.csproj]
E:\vibe-projects\teachassist-5\backend\Api\Controllers\CoursesController.cs(203,74): warning CS8604: ╨Т╨╛╨╖╨╝╨╛╨╢╨╜╨╛, ╨░╤А╨│╤Г╨╝╨╡╨╜╤В-╤Б╤Б╤Л╨╗╨║╨░, ╨┤╨╛╨┐╤Г╤Б╨║╨░╤О╤Й╨╕╨╣ ╨╖╨╜╨░╤З╨╡╨╜╨╕╨╡ NULL, ╨┤╨╗╤П ╨┐╨░╤А╨░╨╝╨╡╤В╤А╨░ "user" ╨▓ "Task<bool> UserManager<AppUser>.IsInRoleAsync(AppUser user, string role)". [E:\vibe-projects\teachassist-5\backend\TeachAssist.Api.csproj]
  TeachAssist.Api -> E:\vibe-projects\teachassist-5\backend\bin\Debug\net10.0\TeachAssist.Api.dll

╨б╨▒╨╛╤А╨║╨░ ╤Г╤Б╨┐╨╡╤И╨╜╨╛ ╨╖╨░╨▓╨╡╤А╤И╨╡╨╜╨░.

E:\vibe-projects\teachassist-5\backend\domain\TeachAssist.Domain.csproj : warning NU1903: Package 'System.Security.Cryptography.Xml' 9.0.0 has a known high severity vulnerability, https://github.com/advisories/GHSA-37gx-xxp4-5rgx [E:\vibe-projects\teachassist-5\backend\TeachAssist.Api.csproj]
E:\vibe-projects\teachassist-5\backend\domain\TeachAssist.Domain.csproj : warning NU1903: Package 'System.Security.Cryptography.Xml' 9.0.0 has a known high severity vulnerability, https://github.com/advisories/GHSA-w3x6-4m5h-cxqf [E:\vibe-projects\teachassist-5\backend\TeachAssist.Api.csproj]
E:\vibe-projects\teachassist-5\backend\domain\TeachAssist.Domain.csproj : warning NU1903: Package 'System.Security.Cryptography.Xml' 9.0.0 has a known high severity vulnerability, https://github.com/advisories/GHSA-37gx-xxp4-5rgx
E:\vibe-projects\teachassist-5\backend\domain\TeachAssist.Domain.csproj : warning NU1903: Package 'System.Security.Cryptography.Xml' 9.0.0 has a known high severity vulnerability, https://github.com/advisories/GHSA-w3x6-4m5h-cxqf
E:\vibe-projects\teachassist-5\backend\Api\Controllers\CoursesController.cs(84,73): warning CS8604: ╨Т╨╛╨╖╨╝╨╛╨╢╨╜╨╛, ╨░╤А╨│╤Г╨╝╨╡╨╜╤В-╤Б╤Б╤Л╨╗╨║╨░, ╨┤╨╛╨┐╤Г╤Б╨║╨░╤О╤Й╨╕╨╣ ╨╖╨╜╨░╤З╨╡╨╜╨╕╨╡ NULL, ╨┤╨╗╤П ╨┐╨░╤А╨░╨╝╨╡╤В╤А╨░ "user" ╨▓ "Task<bool> UserManager<AppUser>.IsInRoleAsync(AppUser user, string role)". [E:\vibe-projects\teachassist-5\backend\TeachAssist.Api.csproj]
E:\vibe-projects\teachassist-5\backend\Api\Controllers\CoursesController.cs(85,74): warning CS8604: ╨Т╨╛╨╖╨╝╨╛╨╢╨╜╨╛, ╨░╤А╨│╤Г╨╝╨╡╨╜╤В-╤Б╤Б╤Л╨╗╨║╨░, ╨┤╨╛╨┐╤Г╤Б╨║╨░╤О╤Й╨╕╨╣ ╨╖╨╜╨░╤З╨╡╨╜╨╕╨╡ NULL, ╨┤╨╗╤П ╨┐╨░╤А╨░╨╝╨╡╤В╤А╨░ "user" ╨▓ "Task<bool> UserManager<AppUser>.IsInRoleAsync(AppUser user, string role)". [E:\vibe-projects\teachassist-5\backend\TeachAssist.Api.csproj]
E:\vibe-projects\teachassist-5\backend\Api\Controllers\TasksController.cs(35,73): warning CS8604: ╨Т╨╛╨╖╨╝╨╛╨╢╨╜╨╛, ╨░╤А╨│╤Г╨╝╨╡╨╜╤В-╤Б╤Б╤Л╨╗╨║╨░, ╨┤╨╛╨┐╤Г╤Б╨║╨░╤О╤Й╨╕╨╣ ╨╖╨╜╨░╤З╨╡╨╜╨╕╨╡ NULL, ╨┤╨╗╤П ╨┐╨░╤А╨░╨╝╨╡╤В╤А╨░ "user" ╨▓ "Task<bool> UserManager<AppUser>.IsInRoleAsync(AppUser user, string role)". [E:\vibe-projects\teachassist-5\backend\TeachAssist.Api.csproj]
E:\vibe-projects\teachassist-5\backend\Api\Controllers\TasksController.cs(36,74): warning CS8604: ╨Т╨╛╨╖╨╝╨╛╨╢╨╜╨╛, ╨░╤А╨│╤Г╨╝╨╡╨╜╤В-╤Б╤Б╤Л╨╗╨║╨░, ╨┤╨╛╨┐╤Г╤Б╨║╨░╤О╤Й╨╕╨╣ ╨╖╨╜╨░╤З╨╡╨╜╨╕╨╡ NULL, ╨┤╨╗╤П ╨┐╨░╤А╨░╨╝╨╡╤В╤А╨░ "user" ╨▓ "Task<bool> UserManager<AppUser>.IsInRoleAsync(AppUser user, string role)". [E:\vibe-projects\teachassist-5\backend\TeachAssist.Api.csproj]
E:\vibe-projects\teachassist-5\backend\Api\Controllers\CoursesController.cs(202,73): warning CS8604: ╨Т╨╛╨╖╨╝╨╛╨╢╨╜╨╛, ╨░╤А╨│╤Г╨╝╨╡╨╜╤В-╤Б╤Б╤Л╨╗╨║╨░, ╨┤╨╛╨┐╤Г╤Б╨║╨░╤О╤Й╨╕╨╣ ╨╖╨╜╨░╤З╨╡╨╜╨╕╨╡ NULL, ╨┤╨╗╤П ╨┐╨░╤А╨░╨╝╨╡╤В╤А╨░ "user" ╨▓ "Task<bool> UserManager<AppUser>.IsInRoleAsync(AppUser user, string role)". [E:\vibe-projects\teachassist-5\backend\TeachAssist.Api.csproj]
E:\vibe-projects\teachassist-5\backend\Api\Controllers\CoursesController.cs(203,74): warning CS8604: ╨Т╨╛╨╖╨╝╨╛╨╢╨╜╨╛, ╨░╤А╨│╤Г╨╝╨╡╨╜╤В-╤Б╤Б╤Л╨╗╨║╨░, ╨┤╨╛╨┐╤Г╤Б╨║╨░╤О╤Й╨╕╨╣ ╨╖╨╜╨░╤З╨╡╨╜╨╕╨╡ NULL, ╨┤╨╗╤П ╨┐╨░╤А╨░╨╝╨╡╤В╤А╨░ "user" ╨▓ "Task<bool> UserManager<AppUser>.IsInRoleAsync(AppUser user, string role)". [E:\vibe-projects\teachassist-5\backend\TeachAssist.Api.csproj]
    ╨Я╤А╨╡╨┤╤Г╨┐╤А╨╡╨╢╨┤╨╡╨╜╨╕╨╣: 10
    ╨Ю╤И╨╕╨▒╨╛╨║: 0

╨Я╤А╨╛╤И╨╗╨╛ ╨▓╤А╨╡╨╝╨╡╨╜╨╕ 00:00:02.36
